lcd.c:26:6:delay_us	24	static,ignoring_inline_asm
lcd.c:36:6:LCD_WR_REG	16	static
lcd.c:42:6:LCD_WR_DATA	16	static
lcd.c:48:10:LCD_RD_DATA	16	static
lcd.c:57:6:LCD_WriteReg	16	static
lcd.c:65:10:LCD_ReadReg	16	static
lcd.c:72:6:LCD_WriteRAM_Prepare	4	static
lcd.c:78:6:LCD_WriteRAM	16	static
lcd.c:86:10:LCD_BGR2RGB	24	static
lcd.c:97:6:opt_delay	16	static
lcd.c:104:10:LCD_ReadPoint	24	static
lcd.c:129:6:LCD_DisplayOn	8	static
lcd.c:136:6:LCD_DisplayOff	8	static
lcd.c:145:6:LCD_SetCursor	16	static
lcd.c:196:6:LCD_Scan_Dir	24	static
lcd.c:325:6:LCD_DrawPoint	16	static
lcd.c:334:6:LCD_Fast_DrawPoint	16	static
lcd.c:375:6:LCD_SSD_BackLightSet	16	static
lcd.c:388:6:LCD_Display_Dir	16	static
lcd.c:472:6:LCD_Set_Window	40	static
lcd.c:544:6:LCD_Init	16	static
lcd.c:2563:6:LCD_Clear	24	static
lcd.c:2587:6:LCD_Fill	40	static
lcd.c:2620:6:LCD_Color_Fill	32	static
lcd.c:2636:6:LCD_DrawLine	64	static
lcd.c:2672:6:LCD_DrawRectangle	24	static
lcd.c:2682:6:LCD_Draw_Circle	32	static
lcd.c:2713:6:LCD_ShowChar	32	static
lcd.c:2746:10:LCD_Pow	24	static
lcd.c:2758:6:LCD_ShowNum	48	static
lcd.c:2786:6:LCD_ShowxNum	48	static
lcd.c:2811:6:LCD_ShowString	40	static
