lcd.c:99:6:delay_us	24	static,ignoring_inline_asm
lcd.c:109:6:LCD_WR_REG	16	static
lcd.c:115:6:LCD_WR_DATA	16	static
lcd.c:121:10:LCD_RD_DATA	16	static
lcd.c:130:6:LCD_WriteReg	16	static
lcd.c:138:10:LCD_ReadReg	16	static
lcd.c:145:6:LCD_WriteRAM_Prepare	4	static
lcd.c:151:6:LCD_WriteRAM	16	static
lcd.c:159:10:LCD_BGR2RGB	24	static
lcd.c:170:6:opt_delay	16	static
lcd.c:177:10:LCD_ReadPoint	24	static
lcd.c:202:6:LCD_DisplayOn	8	static
lcd.c:209:6:LCD_DisplayOff	8	static
lcd.c:218:6:LCD_SetCursor	16	static
lcd.c:269:6:LCD_Scan_Dir	24	static
lcd.c:398:6:LCD_DrawPoint	16	static
lcd.c:407:6:LCD_Fast_DrawPoint	16	static
lcd.c:448:6:LCD_SSD_BackLightSet	16	static
lcd.c:461:6:LCD_Display_Dir	16	static
lcd.c:545:6:LCD_Set_Window	40	static
lcd.c:617:6:LCD_Init	8	static
lcd.c:2636:6:LCD_Clear	24	static
lcd.c:2660:6:LCD_Fill	40	static
lcd.c:2693:6:LCD_Color_Fill	32	static
lcd.c:2709:6:LCD_DrawLine	64	static
lcd.c:2745:6:LCD_DrawRectangle	24	static
lcd.c:2755:6:LCD_Draw_Circle	32	static
lcd.c:2786:6:LCD_ShowChar	32	static
lcd.c:2817:10:LCD_Pow	24	static
lcd.c:2829:6:LCD_ShowNum	48	static
lcd.c:2857:6:LCD_ShowxNum	48	static
lcd.c:2882:6:LCD_ShowString	40	static
