tftlcd.c:20:6:LCD_WriteCmd	16	static
tftlcd.c:28:6:LCD_WriteData	16	static
tftlcd.c:34:6:LCD_WriteCmdData	16	static
tftlcd.c:41:10:LCD_RGBColor_Change	24	static
tftlcd.c:53:6:LCD_WriteData_Color	24	static
tftlcd.c:63:10:LCD_ReadData	16	static
tftlcd.c:75:6:LCD_Display_Dir	16	static
tftlcd.c:101:6:LCD_Init	8	static
tftlcd.c:191:6:LCD_Set_Window	24	static
tftlcd.c:230:6:LCD_Clear	24	static
tftlcd.c:248:6:LCD_Fill	32	static
tftlcd.c:273:6:LCD_DrawPoint	16	static
tftlcd.c:282:6:LCD_DrawFRONT_COLOR	16	static
tftlcd.c:291:10:LCD_ReadPoint	32	static
tftlcd.c:322:6:LCD_DrawLine	64	static
tftlcd.c:357:6:LCD_DrawLine_Color	64	static
tftlcd.c:397:6:LCD_DrowSign	24	static
tftlcd.c:425:6:LCD_DrawRectangle	24	static
tftlcd.c:435:6:LCD_Draw_Circle	32	static
tftlcd.c:469:6:LCD_ShowChar	32	static
tftlcd.c:500:10:LCD_Pow	24	static
tftlcd.c:512:6:LCD_ShowNum	48	static
tftlcd.c:541:6:LCD_ShowxNum	48	static
tftlcd.c:566:6:LCD_ShowString	40	static
tftlcd.c:679:6:LCD_ShowPicture	40	static
